[Bootstrap]
SetupTitle=Install
SetupText=Copying Files, please stand by.
CabFile=MODEL.CAB
Spawn=Setup1.exe
Uninstal=st6unst.exe
TmpDir=msftqws.pdw
Cabs=1

[Bootstrap Files]
File1=@VB6STKIT.DLL,$(WinSysPathSysFile),,,6/18/98 12:00:00 AM,102912,6.0.81.69
File2=@COMCAT.DLL,$(WinSysPathSysFile),$(DLLSelfRegister),,5/31/98 12:00:00 AM,22288,4.71.1460.1
File3=@MSVCRT40.DLL,$(WinSysPathSysFile),,,5/31/98 12:00:00 AM,326656,4.21.0.0
File4=@stdole2.tlb,$(WinSysPathSysFile),$(TLBRegister),,6/2/98 3:46:22 PM,17920,2.30.4261.1
File5=@ASYCFILT.DLL,$(WinSysPathSysFile),,,3/8/99 12:50:56 PM,147728,2.40.4275.1
File6=@olepro32.dll,$(WinSysPathSysFile),$(DLLSelfRegister),,3/8/99 12:50:56 PM,164112,5.0.4275.1
File7=@OLEAUT32.DLL,$(WinSysPathSysFile),$(DLLSelfRegister),,3/8/99 12:50:54 PM,598288,2.40.4275.1
File8=@MSVBVM60.DLL,$(WinSysPathSysFile),$(DLLSelfRegister),,9/25/98 1:00:00 AM,1409024,6.0.82.68

[IconGroups]
Group0=AgroModel 1.2
PrivateGroup0=True
Parent0=$(Programs)

[AgroModel 1.2]
Icon1="MODEL.exe"
Title1=AgroModel 1.2
StartIn1=$(AppPath)

[Setup]
Title=AgroModel 1.2
DefaultDir=$(ProgramFiles)\MODEL
AppExe=MODEL.exe
AppToUninstall=MODEL.exe

[Setup1 Files]
File1=@datach10.STA,$(AppPath),,$(Shared),7/21/99 2:43:02 PM,1503120,0.0.0.0
File2=@datach10.sav,$(AppPath),,$(Shared),7/23/99 10:20:22 AM,924884,0.0.0.0
File3=@Charolai.mdx,$(AppPath),,,8/5/99 3:04:46 PM,294912,0.0.0.0
File4=@Charolai.dbf,$(AppPath),,$(Shared),8/5/99 3:04:24 PM,6748592,0.0.0.0
File5=@cercospora.xls,$(AppPath),,$(Shared),9/6/99 1:51:54 PM,287744,0.0.0.0
File6=@cercospora.mdb,$(AppPath),,$(Shared),9/12/99 9:55:46 AM,366592,0.0.0.0
File7=@animalsys.syo,$(AppPath),,,9/10/99 1:07:24 PM,24336,0.0.0.0
File8=@animalxls.xls,$(AppPath),,$(Shared),8/9/99 7:11:40 PM,1361920,0.0.0.0
File9=@animal.SYD,$(AppPath),,$(Shared),9/10/99 1:03:30 PM,1493146,0.0.0.0
File10=@animal.mdb,$(AppPath),,$(Shared),8/8/99 5:46:50 PM,2658304,0.0.0.0
File11=@MSCOMCTL.OCX,$(WinSysPath),$(DLLSelfRegister),$(Shared),6/26/98 12:00:00 AM,1062704,6.0.81.77
File12=@DAXCTLE.OCX,$(WinSysPath),$(DLLSelfRegister),$(Shared),7/26/99 3:12:26 PM,150528,2.0.0.7310
File13=@U2FXLS.DLL,$(WinPath)\Crystal,,$(Shared),11/18/96 12:00:00 AM,69632,4.6.1.106
File14=@U2FWORDW.DLL,$(WinPath)\Crystal,,$(Shared),11/18/96 12:00:00 AM,69632,4.6.1.106
File15=@U2FWKS.DLL,$(WinPath)\Crystal,,$(Shared),11/18/96 12:00:00 AM,53248,4.6.1.106
File16=@U2FTEXT.DLL,$(WinPath)\Crystal,,$(Shared),11/18/96 12:00:00 AM,53248,4.6.1.106
File17=@U2FSEPV.DLL,$(WinPath)\Crystal,,$(Shared),11/18/96 12:00:00 AM,53248,4.6.1.106
File18=@U2FRTF.DLL,$(WinPath)\Crystal,,$(Shared),11/18/96 12:00:00 AM,153761,4.6.1.106
File19=@U2FREC.DLL,$(WinPath)\Crystal,,$(Shared),11/18/96 12:00:00 AM,49152,4.6.1.106
File20=@U2FHTML.DLL,$(WinPath)\Crystal,,$(Shared),11/18/96 12:00:00 AM,109568,4.6.1.106
File21=@U2FDIF.DLL,$(WinPath)\Crystal,,$(Shared),11/18/96 12:00:00 AM,49152,4.6.1.106
File22=@U2FCR.DLL,$(WinPath)\Crystal,,$(Shared),11/18/96 12:00:00 AM,97489,4.6.1.106
File23=@U2DMAPI.DLL,$(WinPath)\Crystal,,$(Shared),11/18/96 12:00:00 AM,124256,4.6.1.106
File24=@U2DDISK.DLL,$(WinPath)\Crystal,,$(Shared),11/18/96 12:00:00 AM,45056,4.6.1.106
File25=@P2SODBC.DLL,$(WinSysPath),,$(Shared),11/18/96 12:00:00 AM,131072,4.6.1.106
File26=@P2IRDAO.DLL,$(WinSysPath),,$(Shared),11/18/96 12:00:00 AM,54272,4.6.1.106
File27=@P2CTDAO.DLL,$(WinSysPath),,$(Shared),11/18/96 12:00:00 AM,50176,4.6.1.106
File28=@P2BDAO.DLL,$(WinSysPath),,$(Shared),11/20/96 12:00:00 AM,87040,4.6.1.112
File29=@P2BBND.DLL,$(WinSysPath),,$(Shared),11/18/96 12:00:00 AM,36352,4.6.1.106
File30=@CRXLAT32.DLL,$(WinPath)\Crystal,,$(Shared),11/18/96 12:00:00 AM,39936,4.6.1.106
File31=@CO2C40EN.DLL,$(WinSysPath),,$(Shared),5/31/98 12:00:00 AM,748160,4.6.1.106
File32=@PG32.DLL,$(WinSysPath),,$(Shared),11/18/96 12:00:00 AM,979456,1.0.0.11
File33=@IMPLODE.DLL,$(WinSysPath),,$(Shared),11/18/96 12:00:00 AM,18944,1.0.0.1
File34=@CRPE32.DLL,$(WinSysPath),,$(Shared),11/20/96 12:00:00 AM,1846784,4.6.1.112
File35=@CRYSTL32.OCX,$(WinSysPath),$(DLLSelfRegister),$(Shared),1/16/97 12:00:00 AM,187664,4.6.37.14
File36=@MSSTDFMT.DLL,$(WinSysPath),$(DLLSelfRegister),$(Shared),6/18/98 12:00:00 AM,118784,6.0.81.69
File37=@MSHFLXGD.OCX,$(WinSysPath),$(DLLSelfRegister),$(Shared),6/24/98 12:00:00 AM,407104,6.0.30.5
File38=@RDOCURS.DLL,$(WinSysPath),,$(Shared),6/18/98 12:00:00 AM,151552,5.0.81.69
File39=@MSRDO20.DLL,$(WinSysPath),$(DLLSelfRegister),$(Shared),6/18/98 12:00:00 AM,393216,6.0.81.69
File40=@MSRDC20.OCX,$(WinSysPath),$(DLLSelfRegister),$(Shared),6/23/98 12:00:00 AM,176440,6.0.81.69
File41=@MSCHRT20.OCX,$(WinSysPath),$(DLLSelfRegister),$(Shared),6/26/98 12:00:00 AM,1008432,6.0.81.77
File42=@MSDATLST.OCX,$(WinSysPath),$(DLLSelfRegister),$(Shared),6/24/98 12:00:00 AM,232248,6.0.81.69
File43=@MSADODC.OCX,$(WinSysPath),$(DLLSelfRegister),$(Shared),6/24/98 12:00:00 AM,118064,6.0.81.71
File44=@MSDATGRD.OCX,$(WinSysPath),$(DLLSelfRegister),$(Shared),6/24/98 12:00:00 AM,260920,6.0.81.69
File45=@CHARTWIZ.OCX,$(WinSysPath),$(DLLSelfRegister),$(Shared),6/24/98 12:00:00 AM,147456,6.0.0.8177
File46=@DATAFORM.OCX,$(WinSysPath),$(DLLSelfRegister),$(Shared),6/24/98 12:00:00 AM,541728,6.0.0.8169
File47=@APPWIZ.OCX,$(WinSysPath),$(DLLSelfRegister),$(Shared),6/24/98 12:00:00 AM,831488,6.0.0.8177
File48=@grid32.ocx,$(AppPath),,,10/17/96 5:23:24 PM,89600,4.0.24.15
File49=@isctrls.ocx,$(WinSysPath),$(DLLSelfRegister),$(Shared),9/26/97 5:36:54 PM,127488,1.0.5.1
File50=@FLEXWIZ.OCX,$(WinSysPath),$(DLLSelfRegister),$(Shared),6/24/98 12:00:00 AM,226328,6.0.0.8169
File51=@MSFLXGRD.OCX,$(WinSysPath),$(DLLSelfRegister),$(Shared),6/24/98 12:00:00 AM,244024,6.0.81.69
File52=@PICCLP32.OCX,$(WinSysPath),$(DLLSelfRegister),$(Shared),6/24/98 12:00:00 AM,82744,6.0.81.69
File53=@MSWINSCK.OCX,$(WinSysPath),$(DLLSelfRegister),$(Shared),6/24/98 12:00:00 AM,108336,6.0.81.69
File54=@MSCHART.OCX,$(WinSysPath),$(DLLSelfRegister),$(Shared),1/16/97 12:00:00 AM,958224,5.0.37.14
File55=@RICHED32.DLL,$(WinSysPathSysFile),,,5/7/98 12:00:00 AM,174352,4.0.993.4
File56=@RICHTX32.OCX,$(WinSysPath),$(DLLSelfRegister),$(Shared),6/24/98 12:00:00 AM,203576,6.0.81.69
File57=@MSINET.OCX,$(WinSysPath),$(DLLSelfRegister),$(Shared),6/24/98 12:00:00 AM,115016,6.0.81.69
File58=@COMCTL32.OCX,$(WinSysPath),$(DLLSelfRegister),$(Shared),6/24/98 12:00:00 AM,609584,6.0.80.22
File59=@COMDLG32.OCX,$(WinSysPath),$(DLLSelfRegister),$(Shared),6/24/98 12:00:00 AM,140096,6.0.81.69
File60=@DBLIST32.OCX,$(WinSysPath),$(DLLSelfRegister),$(Shared),6/24/98 12:00:00 AM,200496,6.0.81.69
File61=@MCI32.OCX,$(WinSysPath),$(DLLSelfRegister),$(Shared),6/24/98 12:00:00 AM,198456,6.0.81.69
File62=@MSMAPI32.OCX,$(WinSysPath),$(DLLSelfRegister),$(Shared),6/24/98 12:00:00 AM,137000,6.0.81.69
File63=@DBGRID32.OCX,$(WinSysPath),$(DLLSelfRegister),$(Shared),6/24/98 12:00:00 AM,525352,5.1.81.4
File64=@MSVCRT.DLL,$(WinSysPathSysFile),,,3/1/99 9:44:56 PM,266293,6.0.8397.0
File65=@SCRRUN.DLL,$(WinSysPath),$(DLLSelfRegister),$(Shared),5/26/98 12:00:00 AM,402481,4.0.0.2926
File66=@GRAPH8.OLB,$(WinSysPath),,$(Shared),4/14/97 12:00:00 AM,111104,8.0.1.3806
File67=@MSDBRPTR.DLL,$(WinSysPath),$(DLLSelfRegister),$(Shared),6/18/98 12:00:00 AM,299008,6.0.81.69
File68=@MARQUEE.OCX,$(WinSysPath),$(DLLSelfRegister),$(Shared),5/8/98 12:00:00 AM,75520,4.72.3110.0
File69=@amstream.dll,$(WinSysPath),$(DLLSelfRegister),$(Shared),7/26/99 3:12:30 PM,65808,5.1.18.1024
File70=@MSSCRIPT.OCX,$(WinSysPath),$(DLLSelfRegister),$(Shared),6/26/98 12:00:00 AM,133392,1.0.0.2604
File71=@MSCDRUN.DLL,$(CommonFiles)\Designer,$(DLLSelfRegister),$(Shared),6/18/98 12:00:00 AM,49152,6.0.81.69
File72=@MSBIND.DLL,$(WinSysPath),$(DLLSelfRegister),$(Shared),6/18/98 12:00:00 AM,77824,6.0.81.69
File73=@MSDERUN.DLL,$(CommonFiles)\designer,$(DLLSelfRegister),$(Shared),6/9/98 12:00:00 AM,137216,6.0.0.3005
File74=@DANIM.DLL,$(WinSysPath),$(DLLSelfRegister),$(Shared),7/26/99 3:12:24 PM,1473808,5.1.15.1106
File75=@PLUGIN.OCX,$(WinSysPath),$(DLLSelfRegister),$(Shared),5/8/98 12:00:00 AM,83776,4.72.3110.0
File76=@MSWORD8.OLB,$(WinSysPath),,$(Shared),1/13/97 12:00:00 AM,459776,8.0.0.3514
File77=@VB5EXT.OLB,$(WinSysPath),,$(Shared),1/16/97 12:00:00 AM,145408,5.0.37.16
File78=@EXCEL8.OLB,$(WinSysPath),,$(Shared),1/13/97 12:00:00 AM,584704,8.0.0.3515
File79=@MSACC8.OLB,$(WinSysPath),,$(Shared),1/13/97 12:00:00 AM,311296,8.0.0.3512
File80=@APILOAD.EXE,$(WinSysPath),$(EXESelfRegister),$(Shared),1/16/97 12:00:00 AM,78848,5.0.0.3716
File81=@VB5DB.DLL,$(WinSysPath),,$(Shared),6/18/98 12:00:00 AM,89360,6.0.81.69
File82=@MSREPL35.DLL,$(WinSysPathSysFile),,,4/24/98 12:00:00 AM,407312,3.51.623.0
File83=@MSRD2X35.DLL,$(WinSysPathSysFile),$(DLLSelfRegister),,4/24/98 12:00:00 AM,252176,3.51.623.0
File84=@EXPSRV.DLL,$(WinSysPathSysFile),$(DLLSelfRegister),,1/22/99 12:00:00 AM,379152,6.0.0.8268
File85=@vbajet32.dll,$(WinSysPathSysFile),,,1/22/99 12:00:00 AM,30992,6.0.1.8268
File86=@MSJINT35.DLL,$(WinSysPathSysFile),,,4/24/98 12:00:00 AM,123664,3.51.623.0
File87=@MSJTER35.DLL,$(WinSysPathSysFile),,,4/24/98 12:00:00 AM,24848,3.51.623.0
File88=@MSJET35.DLL,$(WinSysPathSysFile),$(DLLSelfRegister),,4/24/98 12:00:00 AM,1045776,3.51.623.4
File89=@DAO350.DLL,$(MSDAOPath),$(DLLSelfRegister),$(Shared),4/27/98 12:00:00 AM,570128,3.51.1608.0
File90=@MODEL.exe,$(AppPath),,$(Shared),9/12/99 10:26:14 AM,446464,1.0.0.0

; The following lines may be deleted in order to obtain extra 
; space for customizing this file on a full installation diskette.
; 
; XXXXXXXXXXXXXXXXXXXXXXXXXXXXXXXXXXXXXXXXXXXXXXXXXXXXXXXXXXXX
; XXXXXXXXXXXXXXXXXXXXXXXXXXXXXXXXXXXXXXXXXXXXXXXXXXXXXXXXXXXX
; XXXXXXXXXXXXXXXXXXXXXXXXXXXXXXXXXXXXXXXXXXXXXXXXXXXXXXXXXXXX
; XXXXXXXXXXXXXXXXXXXXXXXXXXXXXXXXXXXXXXXXXXXXXXXXXXXXXXXXXXXX
; XXXXXXXXXXXXXXXXXXXXXXXXXXXXXXXXXXXXXXXXXXXXXXXXXXXXXXXXXXXX
; XXXXXXXXXXXXXXXXXXXXXXXXXXXXXXXXXXXXXXXXXXXXXXXXXXXXXXXXXXXX
; XXXXXXXXXXXXXXXXXXXXXXXXXXXXXXXXXXXXXXXXXXXXXXXXXXXXXXXXXXXX
; XXXXXXXXXXXXXXXXXXXXXXXXXXXXXXXXXXXXXXXXXXXXXXXXXXXXXXXXXXXX
; XXXXXXXXXXXXXXXXXXXXXXXXXXXXXXXXXXXXXXXXXXXXXXXXXXXXXXXXXXXX
; XXXXXXXXXXXXXXXXXXXXXXXXXXXXXXXXXXXXXXXXXXXXXXXXXXXXXXXXXXXX
; XXXXXXXXXXXXXXXXXXXXXXXXXXXXXXXXXXXXXXXXXXXXXXXXXXXXXXXXXXXX
; XXXXXXXXXXXXXXXXXXXXXXXXXXXXXXXXXXXXXXXXXXXXXXXXXXXXXXXXXXXX
; XXXXXXXXXXXXXXXXXXXXXXXXXXXXXXXXXXXXXXXXXXXXXXXXXXXXXXXXXXXX
; XXXXXXXXXXXXXXXXXXXXXXXXXXXXXXXXXXXXXXXXXXXXXXXXXXXXXXXXXXXX
; XXXXXXXXXXXXXXXXXXXXXXXXXXXXXXXXXXXXXXXXXXXXXXXXXXXXXXXXXXXX
; XXXXXXXXXXXXXXXXXXXXXXXXXXXXXXXXXXXXXXXXXXXXXXXXXXXXXXXXXXXX
; XXXXXXXXXXXXXXXXXXXXXXXXXXXXXXXXXXXXXXXXXXXXXXXXXXXXXXXXXXXX
; XXXXXXXXXXXXXXXXXXXXXXXXXXXXXXXXXXXXXXXXXXXXXXXXXXXXXXXXXXXX
; XXXXXXXXXXXXXXXXXXXXXXXXXXXXXXXXXXXXXXXXXXXXXXXXXXXXXXXXXXXX
; XXXXXXXXXXXXXXXXXXXXXXXXXXXXXXXXXXXXXXXXXXXXXXXXXXXXXXXXXXXX
; XXXXXXXXXXXXXXXXXXXXXXXXXXXXXXXXXXXXXXXXXXXXXXXXXXXXXXXXXXXX
; XXXXXXXXXXXXXXXXXXXXXXXXXXXXXXXXXXXXXXXXXXXXXXXXXXXXXXXXXXXX
; XXXXXXXXXXXXXXXXXXXXXXXXXXXXXXXXXXXXXXXXXXXXXXXXXXXXXXXXXXXX
; XXXXXXXXXXXXXXXXXXXXXXXXXXXXXXXXXXXXXXXXXXXXXXXXXXXXXXXXXXXX
; XXXXXXXXXXXXXXXXXXXXXXXXXXXXXXXXXXXXXXXXXXXXXXXXXXXXXXXXXXXX
; XXXXXXXXXXXXXXXXXXXXXXXXXXXXXXXXXXXXXXXXXXXXXXXXXXXXXXXXXXXX
; XXXXXXXXXXXXXXXXXXXXXXXXXXXXXXXXXXXXXXXXXXXXXXXXXXXXXXXXXXXX
; XXXXXXXXXXXXXXXXXXXXXXXXXXXXXXXXXXXXXXXXXXXXXXXXXXXXXXXXXXXX
; XXXXXXXXXXXXXXXXXXXXXXXXXXXXXXXXXXXXXXXXXXXXXXXXXXXXXXXXXXXX
; XXXXXXXXXXXXXXXXXXXXXXXXXXXXXXXXXXXXXXXXXXXXXXXXXXXXXXXXXXXX
; XXXXXXXXXXXXXXXXXXXXXXXXXXXXXXXXXXXXXXXXXXXXXXXXXXXXXXXXXXXX
; XXXXXXXXXXXXXXXXXXXXXXXXXXXXXXXXXXXXXXXXXXXXXXXXXXXXXXXXXXXX
; XXXXXXXXXXXXXXXXXXXXXXXXXXXXXXXXXXXXXXXXXXXXXXXXXXXXXXXXXXXX
; XXXXXXXXXXXXXXXXXXXXXXXXXXXXXXXXXXXXXXXXXXXXXXXXXXXXXXXXXXXX
; XXXXXXXXXXXXXXXXXXXXXXXXXXXXXXXXXXXXXXXXXXXXXXXXXXXXXXXXXXXX
